// Vitest Snapshot v1, https://vitest.dev/guide/snapshot.html

exports[`paragraph 1`] = `"notag"`;

exports[`paragraph 2`] = `"<strong>bold</strong>"`;

exports[`paragraph 3`] = `"<em>italic</em>"`;

exports[`paragraph 4`] = `"<s>strikethrough</s>"`;

exports[`paragraph 5`] = `"<u>underline</u>"`;

exports[`paragraph 6`] = `"<code>code</code>"`;

exports[`paragraph 7`] = `"<em><strong>bold and italic</strong></em>"`;

exports[`paragraph 8`] = `"<s><em><strong>bold and italic and strikethrough</strong></em></s>"`;

exports[`paragraph 9`] = `"<u><s><em><strong>bold and italic and strikethrough and underline</strong></em></s></u>"`;

exports[`paragraph 10`] = `"<code><u><s><em><strong>bold and italic and strikethrough and underline and code</strong></em></s></u></code>"`;

exports[`paragraph 11`] = `"<code><u><s><em><strong><a href="https://notion.so/">bold and italic and strikethrough and underline and code and link</a></strong></em></s></u></code>"`;

exports[`paragraph 12`] = `"notag with <strong>bold,</strong> <em>italic, </em><s>strikethrough, </s><u>underline, </u><code>code</code>, <em><strong>bold and italic, </strong></em><s><em><strong>bold and italic and strikethrough, </strong></em></s><u><s><em><strong>bold and italic and strikethrough and underline, </strong></em></s></u><code><u><s><em><strong>bold and italic and strikethrough and underline and code</strong></em></s></u></code><u><s><em><strong> , </strong></em></s></u><code><u><s><em><strong><a href="https://notion.so/">bold and italic and strikethrough and underline and code and link</a></strong></em></s></u></code>"`;

exports[`paragraph 13`] = `"default"`;

exports[`paragraph 14`] = `"<mark color="gray">hello gray</mark>"`;

exports[`paragraph 15`] = `"<mark color="brown">hello brown</mark>"`;

exports[`paragraph 16`] = `"<mark color="orange_background">hello orange background</mark>"`;

exports[`paragraph 17`] = `"<mark color="yellow_background">hello yellow background</mark>"`;

exports[`paragraph 18`] = `"<mark color="green">hello green and blue background</mark>"`;

exports[`paragraph 19`] = `"<mark color="purple">hello purple and pink background</mark>"`;

exports[`paragraph 20`] = `"default, <mark color="gray">hello gray, </mark><mark color="brown">hello brown, </mark><mark color="orange_background">hello orange background, </mark><mark color="yellow_background">hello yellow background, </mark><mark color="green">hello green and blue background, </mark><mark color="purple">hello purple and pink background</mark>"`;

exports[`paragraph 21`] = `"<a href="https://notion.so/">default, </a><mark color="gray"><a href="https://notion.so/">hello gray, </a></mark><mark color="brown"><a href="https://notion.so/">hello brown, </a></mark><mark color="orange_background"><a href="https://notion.so/">hello orange background, </a></mark><mark color="yellow_background"><a href="https://notion.so/">hello yellow background, </a></mark><mark color="green"><a href="https://notion.so/">hello green and blue background, </a></mark><mark color="purple"><a href="https://notion.so/">hello purple and pink background</a></mark>"`;

exports[`paragraph 22`] = `"<strong><mark color="green">bold and green</mark></strong>"`;

exports[`paragraph 23`] = `"<em><mark color="yellow_background">italic and yellow background</mark></em>"`;

exports[`paragraph 24`] = `"<s><mark color="blue">strikethrough and blue and purple background</mark></s>"`;

exports[`paragraph 25`] = `"<strong><mark color="green">bold and green, </mark></strong><em><mark color="yellow_background">italic and yellow background, </mark></em><s><mark color="blue">strikethrough and blue and purple background</mark></s>"`;

exports[`paragraph 26`] = `"<strong><mark color="green">bold and green, </mark></strong><em><mark color="yellow_background">italic and yellow background, </mark></em><s><mark color="blue">strikethrough and blue and purple background</mark></s> but block color"`;

exports[`paragraph 27`] = `"@Luoming"`;

exports[`paragraph 28`] = `"2025-05-05 "`;

exports[`paragraph 29`] = `"2025-05-06T09:00:00.000+08:00 "`;

exports[`paragraph 30`] = `"sub page "`;

exports[`paragraph 31`] = `"<em><strong>bold and italic </strong></em>@Luoming<em><strong> </strong></em>"`;

exports[`paragraph 32`] = `"<mark color="brown">hello brown </mark>2025-05-05<mark color="brown"> </mark>"`;

exports[`paragraph 33`] = `"<mark color="green">hello green and blue background </mark>sub page<mark color="green"> </mark>"`;

exports[`paragraph 34`] = `"2025-05-05 <s><mark color="blue">strikethrough and blue and purple background </mark></s>notag with <strong>bold,</strong> <em>italic, </em><s>strikethrough, </s><u>underline, </u><code>code</code>, <em><strong>bold and italic </strong></em>@Luoming<em><strong> </strong></em>"`;

exports[`paragraph 35`] = `"paragraph "`;

exports[`paragraph 36`] = `"https://developers.notion.com/reference/rich-text#equation"`;

exports[`paragraph 37`] = `""`;
