// Vitest Snapshot v1, https://vitest.dev/guide/snapshot.html

exports[`paragraph 1`] = `"no tag"`;

exports[`paragraph 2`] = `"no tag, <strong>blod, </strong><em>italic, </em><s>strikethrough, </s><u>underline, </u><code>code</code> "`;

exports[`paragraph 3`] = `"no color, <mark color="yellow">yellow,</mark><mark color="yellow"> red_background, </mark><mark color="purple">no tag, </mark><strong><mark color="purple">blod, </mark></strong><em><mark color="purple">italic, </mark></em><s><mark color="purple">strikethr</mark></s><s><mark color="orange">ough, </mark></s><u><mark color="orange">underline, </mark></u><code><mark color="orange">code</mark></code><mark color="orange"> </mark>"`;

exports[`paragraph 4`] = `"2025-05-05 "`;

exports[`paragraph 5`] = `"2025-05-06T09:00:00.000+08:00 "`;

exports[`paragraph 6`] = `"@Luoming "`;

exports[`paragraph 7`] = `"sub page "`;

exports[`paragraph 8`] = `""`;
